--------------------------------------------------------------------------------
Release 14.7 Trace  (nt)
Copyright (c) 1995-2013 Xilinx, Inc.  All rights reserved.

C:\Xilinx_ISE_Design_Suite\14.7\ISE_DS\ISE\bin\nt\unwrapped\trce.exe -intstyle
ise -v 3 -s 3 -n 3 -fastpaths -xml Top_Level.twx Top_Level.ncd -o Top_Level.twr
Top_Level.pcf -ucf nexys4ddr_master.ucf

Design file:              Top_Level.ncd
Physical constraint file: Top_Level.pcf
Device,package,speed:     xc7a100t,csg324,C,-3 (PRODUCTION 1.10 2013-10-13)
Report level:             verbose report

Environment Variable      Effect 
--------------------      ------ 
NONE                      No environment variables were set
--------------------------------------------------------------------------------

INFO:Timing:2698 - No timing constraints found, doing default enumeration.
INFO:Timing:3412 - To improve timing, see the Timing Closure User Guide (UG612).
INFO:Timing:2752 - To get complete path coverage, use the unconstrained paths 
   option. All paths that are not constrained will be reported in the 
   unconstrained paths section(s) of the report.
INFO:Timing:3339 - The clock-to-out numbers in this timing report are based on 
   a 50 Ohm transmission line loading model.  For the details of this model, 
   and for more information on accounting for different loading conditions, 
   please see the device datasheet.



Data Sheet report:
-----------------
All values displayed in nanoseconds (ns)

Setup/Hold to clock clk
------------+------------+------------+------------+------------+------------------+--------+
            |Max Setup to|  Process   |Max Hold to |  Process   |                  | Clock  |
Source      | clk (edge) |   Corner   | clk (edge) |   Corner   |Internal Clock(s) | Phase  |
------------+------------+------------+------------+------------+------------------+--------+
rst         |   -0.536(R)|      FAST  |    2.263(R)|      SLOW  |clk_BUFGP         |   0.000|
step        |   -0.309(R)|      FAST  |    2.321(R)|      SLOW  |clk_BUFGP         |   0.000|
switch      |    2.097(R)|      SLOW  |   -0.168(R)|      FAST  |clk_BUFGP         |   0.000|
------------+------------+------------+------------+------------+------------------+--------+

Clock clk to Pad
------------+-----------------+------------+-----------------+------------+------------------+--------+
            |Max (slowest) clk|  Process   |Min (fastest) clk|  Process   |                  | Clock  |
Destination |  (edge) to PAD  |   Corner   |  (edge) to PAD  |   Corner   |Internal Clock(s) | Phase  |
------------+-----------------+------------+-----------------+------------+------------------+--------+
hex_out<0>  |        13.604(R)|      SLOW  |         4.836(R)|      FAST  |clk_BUFGP         |   0.000|
hex_out<1>  |        12.984(R)|      SLOW  |         4.598(R)|      FAST  |clk_BUFGP         |   0.000|
hex_out<2>  |        12.954(R)|      SLOW  |         4.485(R)|      FAST  |clk_BUFGP         |   0.000|
hex_out<3>  |        13.575(R)|      SLOW  |         4.915(R)|      FAST  |clk_BUFGP         |   0.000|
hex_out<4>  |        14.099(R)|      SLOW  |         5.170(R)|      FAST  |clk_BUFGP         |   0.000|
hex_out<5>  |        13.241(R)|      SLOW  |         4.603(R)|      FAST  |clk_BUFGP         |   0.000|
hex_out<6>  |        13.277(R)|      SLOW  |         4.792(R)|      FAST  |clk_BUFGP         |   0.000|
------------+-----------------+------------+-----------------+------------+------------------+--------+

Clock to Setup on destination clock clk
---------------+---------+---------+---------+---------+
               | Src:Rise| Src:Fall| Src:Rise| Src:Fall|
Source Clock   |Dest:Rise|Dest:Rise|Dest:Fall|Dest:Fall|
---------------+---------+---------+---------+---------+
clk            |    7.567|         |         |         |
---------------+---------+---------+---------+---------+


Analysis completed Mon Oct 01 20:53:37 2018 
--------------------------------------------------------------------------------

Trace Settings:
-------------------------
Trace Settings 

Peak Memory Usage: 421 MB



